SHRINK_MIN_GROUPS = 5, SHRINK_MIN_ROWS = 5, set value 10
2 groups x 100 rows, true m 25                     true m=25   median=10  p10=10  p90=10  within x2:   0.0%  kinds={'fallback': 2000}
3 groups x 100 rows, true m 25                     true m=25   median=10  p10=10  p90=10  within x2:   0.0%  kinds={'fallback': 2000}
4 groups x 100 rows, true m 25                     true m=25   median=10  p10=10  p90=10  within x2:   0.0%  kinds={'fallback': 2000}
5 groups x 100 rows, true m 25                     true m=25   median=31  p10=11  p90=50  within x2:  54.1%  kinds={'estimated': 1359, 'high': 519, 'chance': 122}
6 groups x 100 rows, true m 25                     true m=25   median=28  p10=11  p90=50  within x2:  58.0%  kinds={'estimated': 1432, 'high': 493, 'chance': 75}
8 groups x 100 rows, true m 25                     true m=25   median=28  p10=13  p90=50  within x2:  66.0%  kinds={'estimated': 1502, 'high': 471, 'chance': 26, 'low': 1}
12 groups x 100 rows, true m 25                    true m=25   median=28  p10=15  p90=50  within x2:  77.7%  kinds={'estimated': 1663, 'high': 334, 'chance': 3}
20 groups x 100 rows, true m 25                    true m=25   median=26  p10=16  p90=49  within x2:  88.0%  kinds={'estimated': 1820, 'high': 180}
2 groups x 100 rows, true m 11                     true m=11   median=10  p10=10  p90=10  within x2: 100.0%  kinds={'fallback': 2000}
3 groups x 100 rows, true m 11                     true m=11   median=10  p10=10  p90=10  within x2: 100.0%  kinds={'fallback': 2000}
4 groups x 100 rows, true m 11                     true m=11   median=10  p10=10  p90=10  within x2: 100.0%  kinds={'fallback': 2000}
5 groups x 100 rows, true m 11                     true m=11   median=14  p10=5   p90=50  within x2:  60.5%  kinds={'estimated': 1648, 'high': 208, 'low': 113, 'chance': 31}
6 groups x 100 rows, true m 11                     true m=11   median=13  p10=6   p90=46  within x2:  65.1%  kinds={'estimated': 1740, 'high': 151, 'low': 92, 'chance': 17}
8 groups x 100 rows, true m 11                     true m=11   median=12  p10=6   p90=35  within x2:  71.9%  kinds={'estimated': 1840, 'high': 108, 'low': 49, 'chance': 3}
12 groups x 100 rows, true m 11                    true m=11   median=12  p10=7   p90=25  within x2:  83.2%  kinds={'estimated': 1955, 'high': 25, 'low': 20}
20 groups x 100 rows, true m 11                    true m=11   median=12  p10=8   p90=20  within x2:  92.8%  kinds={'estimated': 1995, 'high': 4, 'low': 1}
no spread: 20 groups x 50 rows (tau 0)             true m=inf  median=50  p10=50  p90=50  within x2:   nan%  kinds={'high': 888, 'chance': 1103, 'estimated': 9}
imbalance: 1 x 10,000 + 10 x 5, true m 25          true m=25   median=46  p10=5   p90=50  within x2:  20.7%  kinds={'high': 188, 'estimated': 910, 'chance': 790, 'low': 112}
imbalance: 1 x 10,000 + 1 x 5, true m 25           true m=25   median=10  p10=10  p90=10  within x2:   0.0%  kinds={'fallback': 2000}

identical constant groups (5)    m=10 how={'kind': 'fallback', 'why': 'flat', 'raw': None} -> 10, a set value: the values do not vary at all, so it cannot be estimated
two groups                       m=10 how={'kind': 'fallback', 'why': 'few', 'raw': None} -> 10, a set value: fewer than five brand groups have 5 or more rows, too few to estimate it from
four groups of 5+ rows           m=10 how={'kind': 'fallback', 'why': 'few', 'raw': None} -> 10, a set value: fewer than five brand groups have 5 or more rows, too few to estimate it from
